PREHOOK: query: CREATE INDEX srcpart TYPE COMPACT ON TABLE src(key)
PREHOOK: type: CREATEINDEX
POSTHOOK: query: CREATE INDEX srcpart TYPE COMPACT ON TABLE src(key)
POSTHOOK: type: CREATEINDEX
PREHOOK: query: CREATE INDEX srcpart TYPE COMPACT ON TABLE src(key)
PREHOOK: type: CREATEINDEX
FAILED: Error in metadata: org.apache.hadoop.hive.ql.metadata.HiveException: Index srcpart already exists on table src, db=default
FAILED: Execution Error, return code 1 from org.apache.hadoop.hive.ql.exec.DDLTask
PREHOOK: query: CREATE INDEX srcpart TYPE COMPACT ON TABLE src(key)
PREHOOK: type: CREATEINDEX
POSTHOOK: query: CREATE INDEX srcpart TYPE COMPACT ON TABLE src(key)
POSTHOOK: type: CREATEINDEX
PREHOOK: query: CREATE INDEX srcpart TYPE COMPACT ON TABLE src(key)
PREHOOK: type: CREATEINDEX
FAILED: Error in metadata: org.apache.hadoop.hive.ql.metadata.HiveException: Index srcpart already exists on table src, db=default
FAILED: Execution Error, return code 1 from org.apache.hadoop.hive.ql.exec.DDLTask
PREHOOK: query: CREATE INDEX srcpart TYPE COMPACT ON TABLE src(key)
PREHOOK: type: CREATEINDEX
POSTHOOK: query: CREATE INDEX srcpart TYPE COMPACT ON TABLE src(key)
POSTHOOK: type: CREATEINDEX
PREHOOK: query: CREATE INDEX srcpart TYPE COMPACT ON TABLE src(key)
PREHOOK: type: CREATEINDEX
FAILED: Error in metadata: org.apache.hadoop.hive.ql.metadata.HiveException: Index srcpart already exists on table src, db=default
FAILED: Execution Error, return code 1 from org.apache.hadoop.hive.ql.exec.DDLTask
PREHOOK: query: CREATE INDEX srcpart TYPE COMPACT ON TABLE src(key)
PREHOOK: type: CREATEINDEX
POSTHOOK: query: CREATE INDEX srcpart TYPE COMPACT ON TABLE src(key)
POSTHOOK: type: CREATEINDEX
PREHOOK: query: CREATE INDEX srcpart TYPE COMPACT ON TABLE src(key)
PREHOOK: type: CREATEINDEX
FAILED: Error in metadata: org.apache.hadoop.hive.ql.metadata.HiveException: Index srcpart already exists on table src, db=default
FAILED: Execution Error, return code 1 from org.apache.hadoop.hive.ql.exec.DDLTask
